data/history/13309490267.csv
time,date,itemid,price,discount,price_before_discount,stock,sold,item_status,cmt_count,liked_count
1643649094,20220131,13309490267,300000000000,14%,349000000000,15,27,normal,1,20
1643652996,20220131,13309490267,300000000000,14%,349000000000,28,27,normal,1,20
1643660021,20220131,13309490267,300000000000,14%,349000000000,28,16,normal,1,20
1643676018,20220201,13309490267,300000000000,14%,349000000000,28,16,normal,1,20
1643682570,20220201,13309490267,297600000000,15%,349000000000,5,16,normal,1,20
1643692224,20220201,13309490267,300000000000,14%,349000000000,33,16,normal,1,20
1643730187,20220201,13309490267,300000000000,14%,349000000000,33,16,normal,1,21
1643735825,20220201,13309490267,297600000000,15%,349000000000,5,16,normal,1,21
1643762435,20220202,13309490267,297600000000,15%,349000000000,5,16,normal,1,21
1643778613,20220202,13309490267,300000000000,14%,349000000000,43,16,normal,1,21
1643848685,20220203,13309490267,300000000000,14%,349000000000,43,16,normal,1,21
1643854958,20220203,13309490267,297600000000,15%,349000000000,5,16,normal,1,21
1643865021,20220203,13309490267,300000000000,14%,349000000000,48,16,normal,1,21
1643883067,20220203,13309490267,300000000000,14%,349000000000,48,16,normal,1,20
1643935165,20220204,13309490267,300000000000,14%,349000000000,48,16,normal,1,20
1643940742,20220204,13309490267,297600000000,15%,349000000000,5,16,normal,1,20
1643951312,20220204,13309490267,300000000000,14%,349000000000,53,16,normal,1,20
1643994542,20220204,13309490267,297600000000,15%,349000000000,5,16,normal,1,20
1644021214,20220205,13309490267,297600000000,15%,349000000000,5,16,normal,1,20
1644027086,20220205,13309490267,300000000000,14%,349000000000,58,16,normal,1,20
1644108387,20220206,13309490267,300000000000,14%,349000000000,58,16,normal,1,20
1644120815,20220206,13309490267,300000000000,14%,349000000000,58,16,normal,1,21
1644124162,20220206,13309490267,297600000000,15%,349000000000,5,16,normal,1,21
1644127933,20220206,13309490267,297600000000,15%,349000000000,5,16,normal,1,22
1644156566,20220206,13309490267,300000000000,14%,349000000000,63,16,normal,1,22
1644194390,20220207,13309490267,300000000000,14%,349000000000,63,16,normal,1,22
1644219226,20220207,13309490267,300000000000,14%,349000000000,55,16,normal,1,22
1644280852,20220208,13309490267,300000000000,14%,349000000000,55,16,normal,1,22
1644296983,20220208,13309490267,297600000000,15%,349000000000,8,16,normal,1,22
1644329737,20220208,13309490267,300000000000,14%,349000000000,55,16,normal,1,22
1644340524,20220208,13309490267,300000000000,14%,349000000000,2,16,normal,1,22
1644367352,20220209,13309490267,300000000000,14%,349000000000,2,16,normal,1,22
1644416080,20220209,13309490267,297600000000,15%,349000000000,8,16,normal,1,23
1644427121,20220209,13309490267,300000000000,14%,349000000000,65,16,normal,1,23
1644453704,20220210,13309490267,300000000000,14%,349000000000,65,16,normal,1,23
1644478434,20220210,13309490267,300000000000,14%,349000000000,57,16,normal,1,23
1644487949,20220210,13309490267,300000000000,14%,349000000000,49,16,normal,1,23
1644513217,20220210,13309490267,297600000000,15%,349000000000,8,16,normal,1,23
1644516749,20220210,13309490267,297600000000,15%,349000000000,8,16,normal,1,24
1644520024,20220210,13309490267,300000000000,14%,349000000000,57,16,normal,1,24
1644540284,20220211,13309490267,300000000000,14%,349000000000,57,16,normal,1,24
1644561734,20220211,13309490267,300000000000,14%,349000000000,57,16,normal,2,24
1644564827,20220211,13309490267,300000000000,14%,349000000000,49,16,normal,2,24
1644599653,20220211,13309490267,297600000000,15%,349000000000,8,16,normal,2,24
1644606514,20220211,13309490267,300000000000,14%,349000000000,57,16,normal,2,24
1644626590,20220212,13309490267,300000000000,14%,349000000000,57,16,normal,2,24
1644698093,20220212,13309490267,300000000000,14%,349000000000,57,15,normal,2,24
1644713014,20220213,13309490267,300000000000,14%,349000000000,57,15,normal,2,24
1644761343,20220213,13309490267,297600000000,15%,349000000000,8,15,normal,2,24
1644768872,20220213,13309490267,297600000000,15%,349000000000,8,15,normal,2,25
1644772169,20220213,13309490267,300000000000,14%,349000000000,65,15,normal,2,25
1644799159,20220214,13309490267,300000000000,14%,349000000000,65,15,normal,2,25
1644819188,20220214,13309490267,300000000000,14%,349000000000,45,15,normal,2,25
1644837108,20220214,13309490267,300000000000,14%,349000000000,25,15,normal,2,25
1644858922,20220214,13309490267,285600000000,18%,349000000000,20,15,normal,2,25
1644864078,20220214,13309490267,285600000000,18%,349000000000,19,15,normal,2,25
1644870919,20220214,13309490267,285600000000,18%,349000000000,19,4,normal,2,25
1644885879,20220215,13309490267,285600000000,18%,349000000000,19,4,normal,2,25
1644890685,20220215,13309490267,295000000000,15%,349000000000,10,4,normal,2,25
1644894679,20220215,13309490267,285600000000,18%,349000000000,19,4,normal,2,25
1644900258,20220215,13309490267,300000000000,14%,349000000000,34,4,normal,2,25
1644901830,20220215,13309490267,285600000000,18%,349000000000,20,4,normal,2,25
1644934321,20220215,13309490267,295000000000,15%,349000000000,10,4,normal,2,25
1644938106,20220215,13309490267,285600000000,18%,349000000000,20,4,normal,2,25
1644945272,20220215,13309490267,288000000000,17%,349000000000,15,4,normal,2,25
1644957327,20220215,13309490267,288000000000,17%,349000000000,15,2,normal,2,25
1644972121,20220216,13309490267,288000000000,17%,349000000000,15,2,normal,2,25
1645009951,20220216,13309490267,288000000000,17%,349000000000,2,2,normal,2,25
1645017217,20220216,13309490267,288000000000,17%,349000000000,15,2,normal,2,25
1645058258,20220217,13309490267,288000000000,17%,349000000000,15,2,normal,2,25
1645145227,20220218,13309490267,288000000000,17%,349000000000,15,2,normal,2,25
1645231529,20220219,13309490267,288000000000,17%,349000000000,15,2,normal,2,25
1645272995,20220219,13309490267,288000000000,17%,349000000000,15,2,normal,2,24
1645318100,20220220,13309490267,288000000000,17%,349000000000,15,2,normal,2,24
1645404130,20220221,13309490267,288000000000,17%,349000000000,15,2,normal,2,24
1645449327,20220221,13309490267,288000000000,17%,349000000000,14,2,normal,2,24
1645450546,20220221,13309490267,288000000000,17%,349000000000,15,2,normal,2,24
1645474328,20220221,13309490267,288000000000,17%,349000000000,15,1,normal,2,24
1645490545,20220222,13309490267,288000000000,17%,349000000000,15,1,normal,2,24
1645556946,20220222,13309490267,288000000000,17%,349000000000,10,1,normal,2,24
1645577302,20220223,13309490267,288000000000,17%,349000000000,10,1,normal,2,24
1645581867,20220223,13309490267,288000000000,17%,349000000000,15,1,normal,2,24
1645587439,20220223,13309490267,300000000000,14%,349000000000,49,1,normal,2,24
1645589639,20220223,13309490267,288000000000,17%,349000000000,15,1,normal,2,24
1645663562,20220224,13309490267,288000000000,17%,349000000000,15,1,normal,2,24
1645722994,20220224,13309490267,285000000000,18%,349000000000,7,1,normal,2,24
1645724257,20220224,13309490267,285000000000,18%,349000000000,7,1,normal,3,24
1645749968,20220225,13309490267,285000000000,18%,349000000000,7,1,normal,3,24
1645791495,20220225,13309490267,285000000000,18%,349000000000,6,1,normal,3,24
1645809173,20220225,13309490267,288000000000,17%,349000000000,15,1,normal,3,24
1645836117,20220226,13309490267,288000000000,17%,349000000000,15,1,normal,3,24
1645922873,20220227,13309490267,288000000000,17%,349000000000,15,1,normal,3,24
1645996235,20220227,13309490267,288000000000,17%,349000000000,15,2,normal,3,24
1646009200,20220228,13309490267,288000000000,17%,349000000000,15,2,normal,3,24
1646057451,20220228,13309490267,285000000000,18%,349000000000,20,2,normal,3,24
1646068630,20220228,13309490267,285000000000,18%,349000000000,18,2,normal,3,24
1646072233,20220228,13309490267,285000000000,18%,349000000000,33,2,normal,3,24
1646073695,20220228,13309490267,285000000000,18%,349000000000,53,2,normal,3,24
1646095931,20220301,13309490267,285000000000,18%,349000000000,53,2,normal,3,24
1646126043,20220301,13309490267,285000000000,18%,349000000000,43,2,normal,3,24
1646127399,20220301,13309490267,285000000000,18%,349000000000,33,2,normal,3,24
1646133127,20220301,13309490267,285000000000,18%,349000000000,17,2,normal,3,24
1646137147,20220301,13309490267,288000000000,17%,349000000000,8,2,normal,3,24
1646143920,20220301,13309490267,288000000000,17%,349000000000,10,2,normal,3,24
1646155055,20220301,13309490267,288000000000,17%,349000000000,8,2,normal,3,24
1646182172,20220302,13309490267,288000000000,17%,349000000000,8,2,normal,3,24
1646201678,20220302,13309490267,288000000000,17%,349000000000,7,2,normal,3,24
1646205065,20220302,13309490267,288000000000,17%,349000000000,10,2,normal,3,24
1646212367,20220302,13309490267,288000000000,17%,349000000000,7,2,normal,3,24
1646233943,20220302,13309490267,288000000000,17%,349000000000,10,2,normal,3,24
1646241158,20220302,13309490267,285300000000,18%,349000000000,10,2,normal,3,24
1646245084,20220302,13309490267,280000000000,20%,349000000000,5,2,normal,3,24
1646268577,20220303,13309490267,280000000000,20%,349000000000,5,2,normal,3,24
1646273450,20220303,13309490267,285300000000,18%,349000000000,10,2,normal,3,24
1646320596,20220303,13309490267,280000000000,20%,349000000000,5,2,normal,3,25
1646324274,20220303,13309490267,280000000000,20%,349000000000,3,2,normal,3,25
1646327832,20220303,13309490267,288000000000,17%,349000000000,8,2,normal,3,25
1646355160,20220304,13309490267,288000000000,17%,349000000000,8,2,normal,3,25
1646441354,20220305,13309490267,288000000000,17%,349000000000,8,2,normal,3,25
1646467985,20220305,13309490267,288000000000,17%,349000000000,8,2,normal,3,25
1646527596,20220306,13309490267,288000000000,17%,349000000000,8,2,normal,3,25
1646614033,20220307,13309490267,288000000000,17%,349000000000,8,2,normal,3,25
1646655770,20220307,13309490267,288000000000,17%,349000000000,7,2,normal,3,25
1646672388,20220307,13309490267,285000000000,18%,349000000000,39,2,normal,3,25
1646700317,20220308,13309490267,285000000000,18%,349000000000,39,2,normal,3,25
1646732242,20220308,13309490267,285000000000,18%,349000000000,27,2,normal,3,25
1646748797,20220308,13309490267,288000000000,17%,349000000000,10,2,normal,3,25
1646752613,20220308,13309490267,285000000000,18%,349000000000,37,2,normal,3,25
1646766596,20220308,13309490267,288000000000,17%,349000000000,12,2,normal,3,25
1646768061,20220308,13309490267,288000000000,17%,349000000000,12,2,normal,3,26
1646773808,20220308,13309490267,285000000000,18%,349000000000,49,2,normal,3,26
1646786808,20220309,13309490267,285000000000,18%,349000000000,49,2,normal,3,26
1646815293,20220309,13309490267,285000000000,18%,349000000000,37,2,normal,3,26
1646821051,20220309,13309490267,285000000000,18%,349000000000,27,2,normal,3,26
1646824469,20220309,13309490267,288300000000,17%,349000000000,10,2,normal,3,26
1646840615,20220309,13309490267,288300000000,17%,349000000000,9,2,normal,3,26
1646847433,20220309,13309490267,288000000000,17%,349000000000,12,2,normal,3,26
1646849917,20220309,13309490267,288300000000,17%,349000000000,9,2,normal,3,26
1646873449,20220310,13309490267,288300000000,17%,349000000000,9,2,normal,3,26
1646959907,20220311,13309490267,288300000000,17%,349000000000,9,2,normal,3,26
1646995151,20220311,13309490267,288300000000,17%,349000000000,9,2,normal,3,25
1647008133,20220311,13309490267,288000000000,17%,349000000000,20,2,normal,3,25
1647011797,20220311,13309490267,288300000000,17%,349000000000,9,2,normal,3,25
1647020230,20220311,13309490267,288000000000,17%,349000000000,10,2,normal,3,25
1647022414,20220311,13309490267,288300000000,17%,349000000000,9,2,normal,3,25
1647045856,20220312,13309490267,288300000000,17%,349000000000,9,2,normal,3,25
1647132333,20220313,13309490267,288300000000,17%,349000000000,9,2,normal,3,25
1647152223,20220313,13309490267,300000000000,14%,349000000000,5,2,normal,3,25
1647159193,20220313,13309490267,288300000000,17%,349000000000,9,2,normal,3,25
1647182110,20220313,13309490267,288300000000,17%,349000000000,9,2,normal,3,26
1647213131,20220313,13309490267,288300000000,17%,349000000000,9,2,normal,3,25
1647219003,20220314,13309490267,288300000000,17%,349000000000,9,2,normal,3,25
1647278054,20220314,13309490267,286500000000,18%,349000000000,15,2,normal,3,25
1647305445,20220315,13309490267,286500000000,18%,349000000000,15,2,normal,3,25
1647314001,20220315,13309490267,285300000000,18%,349000000000,6,2,normal,3,25
1647315525,20220315,13309490267,285300000000,18%,349000000000,1,2,normal,3,25
1647317714,20220315,13309490267,285300000000,18%,349000000000,7,2,normal,3,25
1647321087,20220315,13309490267,286500000000,18%,349000000000,5,2,normal,3,25
1647332099,20220315,13309490267,285300000000,18%,349000000000,8,2,normal,3,25
1647339210,20220315,13309490267,285300000000,18%,349000000000,8,2,normal,3,26
1647346998,20220315,13309490267,285300000000,18%,349000000000,7,2,normal,3,26
1647353592,20220315,13309490267,286500000000,18%,349000000000,5,2,normal,3,26
1647361299,20220315,13309490267,286500000000,18%,349000000000,5,2,normal,3,27
1647364408,20220315,13309490267,300000000000,14%,349000000000,5,2,normal,3,27
1647371554,20220315,13309490267,285000000000,18%,349000000000,41,2,normal,3,27
1647391892,20220316,13309490267,285000000000,18%,349000000000,41,2,normal,3,27
1647400983,20220316,13309490267,300000000000,14%,349000000000,5,2,normal,3,27
1647407475,20220316,13309490267,285000000000,18%,349000000000,46,2,normal,3,27
1647419972,20220316,13309490267,285000000000,18%,349000000000,41,2,normal,3,27
1647423421,20220316,13309490267,285000000000,18%,349000000000,36,2,normal,3,27
1647429223,20220316,13309490267,298000000000,15%,349000000000,5,2,normal,3,27
1647478171,20220317,13309490267,298000000000,15%,349000000000,5,2,normal,3,27
1647526833,20220317,13309490267,288000000000,17%,349000000000,5,2,normal,3,27
1647537216,20220317,13309490267,298000000000,15%,349000000000,5,2,normal,3,27
1647547953,20220317,13309490267,298000000000,15%,349000000000,5,3,normal,3,27
1647564484,20220318,13309490267,298000000000,15%,349000000000,5,3,normal,3,27
1647612800,20220318,13309490267,288000000000,17%,349000000000,5,3,normal,3,27
